2026-09-23 07:59:59.412  INFO 42713 --- [demo] [main] com.example.demo.DemoApplication         : Starting DemoApplication using Java 17.0.20 with PID 42713 (/Users/julinigal/Downloads/parcial-avion-master/target/classes started by julinigal in /Users/julinigal/Downloads/parcial-avion-master)
2026-09-23 07:59:59.417  INFO 42713 --- [demo] [main] com.example.demo.DemoApplication         : No active profile set, falling back to 1 default profile: "default"
2026-09-23 07:59:59.576  INFO 42713 --- [demo] [main] .s.d.r.c.RepositoryConfigurationDelegate : Bootstrapping Spring Data JPA repositories in DEFAULT mode.
2026-09-23 07:59:59.593  INFO 42713 --- [demo] [main] .s.d.r.c.RepositoryConfigurationDelegate : Finished Spring Data repository scanning in 14 ms. Found 6 JPA repository interfaces.
2026-09-23 07:59:59.711  INFO 42713 --- [demo] [main] o.s.boot.tomcat.TomcatWebServer          : Tomcat initialized with port 8081 (http)
2026-09-23 07:59:59.715  INFO 42713 --- [demo] [main] o.apache.catalina.core.StandardService   : Starting service [Tomcat]
2026-09-23 07:59:59.715  INFO 42713 --- [demo] [main] o.apache.catalina.core.StandardEngine    : Starting Servlet engine: [Apache Tomcat/11.0.18]
2026-09-23 07:59:59.742  INFO 42713 --- [demo] [main] b.w.c.s.WebApplicationContextInitializer : Root WebApplicationContext: initialization completed in 311 ms
2026-09-23 07:59:59.791  INFO 42713 --- [demo] [main] org.hibernate.orm.jpa                    : HHH008540: Processing PersistenceUnitInfo [name: default]
2026-09-23 07:59:59.814  INFO 42713 --- [demo] [main] org.hibernate.orm.core                   : HHH000001: Hibernate ORM core version 7.2.7.Final
2026-09-23 07:59:59.949  INFO 42713 --- [demo] [main] o.s.o.j.p.SpringPersistenceUnitInfo      : No LoadTimeWeaver setup: ignoring JPA class transformer
2026-09-23 07:59:59.958  INFO 42713 --- [demo] [main] com.zaxxer.hikari.HikariDataSource       : HikariPool-1 - Starting...
2026-09-23 08:00:00.026  INFO 42713 --- [demo] [main] com.zaxxer.hikari.pool.HikariPool        : HikariPool-1 - Added connection conn0: url=jdbc:h2:mem:db-test user=POSTGRES
2026-09-23 08:00:00.026  INFO 42713 --- [demo] [main] com.zaxxer.hikari.HikariDataSource       : HikariPool-1 - Start completed.
2026-09-23 08:00:00.046  INFO 42713 --- [demo] [main] org.hibernate.orm.connections.pooling    : HHH10001005: Database info:
	Database JDBC URL [jdbc:h2:mem:db-test]
	Database driver: H2 JDBC Driver
	Database dialect: H2Dialect
	Database version: 2.4.240
	Default catalog/schema: DB-TEST/PUBLIC
	Autocommit mode: undefined/unknown
	Isolation level: READ_COMMITTED [default READ_COMMITTED]
	JDBC fetch size: 100
	Pool: DataSourceConnectionProvider
	Minimum pool size: undefined/unknown
	Maximum pool size: undefined/unknown
2026-09-23 08:00:00.086 ERROR 42713 --- [demo] [main] j.LocalContainerEntityManagerFactoryBean : Failed to initialize JPA EntityManagerFactory: Property 'com.example.demo.model.Flight.destinationAirport' is not a collection and may not be a '@OneToMany', '@ManyToMany', or '@ElementCollection'
2026-09-23 08:00:00.087  WARN 42713 --- [demo] [main] ConfigServletWebServerApplicationContext : Exception encountered during context initialization - cancelling refresh attempt: org.springframework.beans.factory.BeanCreationException: Error creating bean with name 'entityManagerFactory' defined in class path resource [org/springframework/boot/hibernate/autoconfigure/HibernateJpaConfiguration.class]: Property 'com.example.demo.model.Flight.destinationAirport' is not a collection and may not be a '@OneToMany', '@ManyToMany', or '@ElementCollection'
2026-09-23 08:00:00.087  INFO 42713 --- [demo] [main] com.zaxxer.hikari.HikariDataSource       : HikariPool-1 - Shutdown initiated...
2026-09-23 08:00:00.087  INFO 42713 --- [demo] [main] com.zaxxer.hikari.HikariDataSource       : HikariPool-1 - Shutdown completed.
2026-09-23 08:00:00.088  INFO 42713 --- [demo] [main] o.apache.catalina.core.StandardService   : Stopping service [Tomcat]
2026-09-23 08:00:00.090  INFO 42713 --- [demo] [main] .s.b.a.l.ConditionEvaluationReportLogger : 

Error starting ApplicationContext. To display the condition evaluation report re-run your application with 'debug' enabled.
2026-09-23 08:00:00.093 ERROR 42713 --- [demo] [main] o.s.boot.SpringApplication               : Application run failed

org.springframework.beans.factory.BeanCreationException: Error creating bean with name 'entityManagerFactory' defined in class path resource [org/springframework/boot/hibernate/autoconfigure/HibernateJpaConfiguration.class]: Property 'com.example.demo.model.Flight.destinationAirport' is not a collection and may not be a '@OneToMany', '@ManyToMany', or '@ElementCollection'
	at org.springframework.beans.factory.support.AbstractAutowireCapableBeanFactory.initializeBean(AbstractAutowireCapableBeanFactory.java:1817) ~[spring-beans-7.0.6.jar:7.0.6]
	at org.springframework.beans.factory.support.AbstractAutowireCapableBeanFactory.doCreateBean(AbstractAutowireCapableBeanFactory.java:603) ~[spring-beans-7.0.6.jar:7.0.6]
	at org.springframework.beans.factory.support.AbstractAutowireCapableBeanFactory.createBean(AbstractAutowireCapableBeanFactory.java:525) ~[spring-beans-7.0.6.jar:7.0.6]
	at org.springframework.beans.factory.support.AbstractBeanFactory.lambda$doGetBean$0(AbstractBeanFactory.java:333) ~[spring-beans-7.0.6.jar:7.0.6]
	at org.springframework.beans.factory.support.DefaultSingletonBeanRegistry.getSingleton(DefaultSingletonBeanRegistry.java:371) ~[spring-beans-7.0.6.jar:7.0.6]
	at org.springframework.beans.factory.support.AbstractBeanFactory.doGetBean(AbstractBeanFactory.java:331) ~[spring-beans-7.0.6.jar:7.0.6]
	at org.springframework.beans.factory.support.AbstractBeanFactory.getBean(AbstractBeanFactory.java:201) ~[spring-beans-7.0.6.jar:7.0.6]
	at org.springframework.context.support.AbstractApplicationContext.finishBeanFactoryInitialization(AbstractApplicationContext.java:977) ~[spring-context-7.0.6.jar:7.0.6]
	at org.springframework.context.support.AbstractApplicationContext.refresh(AbstractApplicationContext.java:621) ~[spring-context-7.0.6.jar:7.0.6]
	at org.springframework.boot.web.server.servlet.context.ServletWebServerApplicationContext.refresh(ServletWebServerApplicationContext.java:143) ~[spring-boot-web-server-4.0.4.jar:4.0.4]
	at org.springframework.boot.SpringApplication.refresh(SpringApplication.java:756) ~[spring-boot-4.0.4.jar:4.0.4]
	at org.springframework.boot.SpringApplication.refreshContext(SpringApplication.java:445) ~[spring-boot-4.0.4.jar:4.0.4]
	at org.springframework.boot.SpringApplication.run(SpringApplication.java:321) ~[spring-boot-4.0.4.jar:4.0.4]
	at org.springframework.boot.SpringApplication.run(SpringApplication.java:1365) ~[spring-boot-4.0.4.jar:4.0.4]
	at org.springframework.boot.SpringApplication.run(SpringApplication.java:1354) ~[spring-boot-4.0.4.jar:4.0.4]
	at com.example.demo.DemoApplication.main(DemoApplication.java:10) ~[classes/:na]
Caused by: org.hibernate.AnnotationException: Property 'com.example.demo.model.Flight.destinationAirport' is not a collection and may not be a '@OneToMany', '@ManyToMany', or '@ElementCollection'
	at org.hibernate.boot.model.internal.CollectionBinder.determineSemanticJavaType(CollectionBinder.java:996) ~[hibernate-core-7.2.7.Final.jar:7.2.7.Final]
	at org.hibernate.boot.model.internal.CollectionBinder.determineCollectionClassification(CollectionBinder.java:880) ~[hibernate-core-7.2.7.Final.jar:7.2.7.Final]
	at org.hibernate.boot.model.internal.CollectionBinder.createBinderAutomatically(CollectionBinder.java:784) ~[hibernate-core-7.2.7.Final.jar:7.2.7.Final]
	at org.hibernate.boot.model.internal.CollectionBinder.getCollectionBinder(CollectionBinder.java:778) ~[hibernate-core-7.2.7.Final.jar:7.2.7.Final]
	at org.hibernate.boot.model.internal.CollectionBinder.bindCollection(CollectionBinder.java:225) ~[hibernate-core-7.2.7.Final.jar:7.2.7.Final]
	at org.hibernate.boot.model.internal.PropertyBinder.bindProperty(PropertyBinder.java:895) ~[hibernate-core-7.2.7.Final.jar:7.2.7.Final]
	at org.hibernate.boot.model.internal.PropertyBinder.buildProperty(PropertyBinder.java:792) ~[hibernate-core-7.2.7.Final.jar:7.2.7.Final]
	at org.hibernate.boot.model.internal.PropertyBinder.processElementAnnotations(PropertyBinder.java:719) ~[hibernate-core-7.2.7.Final.jar:7.2.7.Final]
	at org.hibernate.boot.model.internal.EntityBinder.processIdPropertiesIfNotAlready(EntityBinder.java:1072) ~[hibernate-core-7.2.7.Final.jar:7.2.7.Final]
	at org.hibernate.boot.model.internal.EntityBinder.handleIdentifier(EntityBinder.java:380) ~[hibernate-core-7.2.7.Final.jar:7.2.7.Final]
	at org.hibernate.boot.model.internal.EntityBinder.bindEntityClass(EntityBinder.java:217) ~[hibernate-core-7.2.7.Final.jar:7.2.7.Final]
	at org.hibernate.boot.model.internal.AnnotationBinder.bindClass(AnnotationBinder.java:247) ~[hibernate-core-7.2.7.Final.jar:7.2.7.Final]
	at org.hibernate.boot.model.source.internal.annotations.AnnotationMetadataSourceProcessorImpl.processEntityHierarchies(AnnotationMetadataSourceProcessorImpl.java:167) ~[hibernate-core-7.2.7.Final.jar:7.2.7.Final]
	at org.hibernate.boot.model.process.spi.MetadataBuildingProcess$1.processEntityHierarchies(MetadataBuildingProcess.java:318) ~[hibernate-core-7.2.7.Final.jar:7.2.7.Final]
	at org.hibernate.boot.model.process.spi.MetadataBuildingProcess.coordinateProcessors(MetadataBuildingProcess.java:352) ~[hibernate-core-7.2.7.Final.jar:7.2.7.Final]
	at org.hibernate.boot.model.process.spi.MetadataBuildingProcess.complete(MetadataBuildingProcess.java:201) ~[hibernate-core-7.2.7.Final.jar:7.2.7.Final]
	at org.hibernate.jpa.boot.internal.EntityManagerFactoryBuilderImpl.metadata(EntityManagerFactoryBuilderImpl.java:1392) ~[hibernate-core-7.2.7.Final.jar:7.2.7.Final]
	at org.hibernate.jpa.boot.internal.EntityManagerFactoryBuilderImpl.populateSessionFactoryBuilder(EntityManagerFactoryBuilderImpl.java:1472) ~[hibernate-core-7.2.7.Final.jar:7.2.7.Final]
	at org.hibernate.jpa.boot.internal.EntityManagerFactoryBuilderImpl.build(EntityManagerFactoryBuilderImpl.java:1454) ~[hibernate-core-7.2.7.Final.jar:7.2.7.Final]
	at org.springframework.orm.jpa.vendor.SpringHibernateJpaPersistenceProvider.createContainerEntityManagerFactory(SpringHibernateJpaPersistenceProvider.java:93) ~[spring-orm-7.0.6.jar:7.0.6]
	at org.springframework.orm.jpa.LocalContainerEntityManagerFactoryBean.createNativeEntityManagerFactory(LocalContainerEntityManagerFactoryBean.java:443) ~[spring-orm-7.0.6.jar:7.0.6]
	at org.springframework.orm.jpa.AbstractEntityManagerFactoryBean.buildNativeEntityManagerFactory(AbstractEntityManagerFactoryBean.java:436) ~[spring-orm-7.0.6.jar:7.0.6]
	at org.springframework.orm.jpa.AbstractEntityManagerFactoryBean.afterPropertiesSet(AbstractEntityManagerFactoryBean.java:411) ~[spring-orm-7.0.6.jar:7.0.6]
	at org.springframework.orm.jpa.LocalContainerEntityManagerFactoryBean.afterPropertiesSet(LocalContainerEntityManagerFactoryBean.java:419) ~[spring-orm-7.0.6.jar:7.0.6]
	at org.springframework.beans.factory.support.AbstractAutowireCapableBeanFactory.invokeInitMethods(AbstractAutowireCapableBeanFactory.java:1864) ~[spring-beans-7.0.6.jar:7.0.6]
	at org.springframework.beans.factory.support.AbstractAutowireCapableBeanFactory.initializeBean(AbstractAutowireCapableBeanFactory.java:1813) ~[spring-beans-7.0.6.jar:7.0.6]
	... 15 common frames omitted

2026-09-23 10:15:25.068  INFO 47137 --- [demo] [main] com.example.demo.DemoApplication         : Starting DemoApplication using Java 17.0.20 with PID 47137 (/Users/julinigal/Downloads/parcial-avion-master/target/classes started by julinigal in /Users/julinigal/Downloads/parcial-avion-master)
2026-09-23 10:15:25.071  INFO 47137 --- [demo] [main] com.example.demo.DemoApplication         : No active profile set, falling back to 1 default profile: "default"
2026-09-23 10:15:25.235  INFO 47137 --- [demo] [main] .s.d.r.c.RepositoryConfigurationDelegate : Bootstrapping Spring Data JPA repositories in DEFAULT mode.
2026-09-23 10:15:25.252  INFO 47137 --- [demo] [main] .s.d.r.c.RepositoryConfigurationDelegate : Finished Spring Data repository scanning in 13 ms. Found 6 JPA repository interfaces.
2026-09-23 10:15:25.371  INFO 47137 --- [demo] [main] o.s.boot.tomcat.TomcatWebServer          : Tomcat initialized with port 8081 (http)
2026-09-23 10:15:25.375  INFO 47137 --- [demo] [main] o.apache.catalina.core.StandardService   : Starting service [Tomcat]
2026-09-23 10:15:25.375  INFO 47137 --- [demo] [main] o.apache.catalina.core.StandardEngine    : Starting Servlet engine: [Apache Tomcat/11.0.18]
2026-09-23 10:15:25.390  INFO 47137 --- [demo] [main] b.w.c.s.WebApplicationContextInitializer : Root WebApplicationContext: initialization completed in 303 ms
2026-09-23 10:15:25.444  INFO 47137 --- [demo] [main] org.hibernate.orm.jpa                    : HHH008540: Processing PersistenceUnitInfo [name: default]
2026-09-23 10:15:25.471  INFO 47137 --- [demo] [main] org.hibernate.orm.core                   : HHH000001: Hibernate ORM core version 7.2.7.Final
2026-09-23 10:15:25.603  INFO 47137 --- [demo] [main] o.s.o.j.p.SpringPersistenceUnitInfo      : No LoadTimeWeaver setup: ignoring JPA class transformer
2026-09-23 10:15:25.614  INFO 47137 --- [demo] [main] com.zaxxer.hikari.HikariDataSource       : HikariPool-1 - Starting...
2026-09-23 10:15:25.674  INFO 47137 --- [demo] [main] com.zaxxer.hikari.pool.HikariPool        : HikariPool-1 - Added connection conn0: url=jdbc:h2:mem:db-test user=POSTGRES
2026-09-23 10:15:25.674  INFO 47137 --- [demo] [main] com.zaxxer.hikari.HikariDataSource       : HikariPool-1 - Start completed.
2026-09-23 10:15:25.694  INFO 47137 --- [demo] [main] org.hibernate.orm.connections.pooling    : HHH10001005: Database info:
	Database JDBC URL [jdbc:h2:mem:db-test]
	Database driver: H2 JDBC Driver
	Database dialect: H2Dialect
	Database version: 2.4.240
	Default catalog/schema: DB-TEST/PUBLIC
	Autocommit mode: undefined/unknown
	Isolation level: READ_COMMITTED [default READ_COMMITTED]
	JDBC fetch size: 100
	Pool: DataSourceConnectionProvider
	Minimum pool size: undefined/unknown
	Maximum pool size: undefined/unknown
2026-09-23 10:15:25.977  INFO 47137 --- [demo] [main] org.hibernate.orm.core                   : HHH000489: No JTA platform available (set 'hibernate.transaction.jta.platform' to enable JTA platform integration)
2026-09-23 10:15:25.995  INFO 47137 --- [demo] [main] j.LocalContainerEntityManagerFactoryBean : Initialized JPA EntityManagerFactory for persistence unit 'default'
2026-09-23 10:15:26.017  INFO 47137 --- [demo] [main] o.s.d.j.r.query.QueryEnhancerFactories   : Hibernate is in classpath; If applicable, HQL parser will be used.
2026-09-23 10:15:26.063  WARN 47137 --- [demo] [main] JpaBaseConfiguration$JpaWebConfiguration : spring.jpa.open-in-view is enabled by default. Therefore, database queries may be performed during view rendering. Explicitly configure spring.jpa.open-in-view to disable this warning
2026-09-23 10:15:26.137  INFO 47137 --- [demo] [main] o.s.b.h.a.H2ConsoleAutoConfiguration     : H2 console available at '/h2-console'. Database available at 'jdbc:h2:mem:db-test'
2026-09-23 10:15:26.143  WARN 47137 --- [demo] [main] ConfigServletWebServerApplicationContext : Exception encountered during context initialization - cancelling refresh attempt: org.springframework.beans.factory.BeanCreationException: Error creating bean with name 'dataSourceScriptDatabaseInitializer' defined in class path resource [org/springframework/boot/jdbc/autoconfigure/DataSourceInitializationAutoConfiguration.class]: Failed to execute SQL script statement #4 of file [/Users/julinigal/Downloads/parcial-avion-master/target/classes/data.sql]: INSERT INTO flights (id, flight_number, departure_date, arrival_date, estimated_passengers, airplane_id, origin_airport_id, destination_airport_id) VALUES (1, 'AN101', '2026-03-01 07:00:00', '2026-03-01 13:00:00', 168, 1, 1, 2), (2, 'AN102', '2026-03-02 09:15:00', '2026-03-02 13:45:00', 162, 2, 1, 10), (3, 'AN201', '2026-03-03 14:10:00', '2026-03-03 19:50:00', 156, 1, 2, 1), (4, 'PW301', '2026-03-04 08:30:00', '2026-03-04 14:20:00', 248, 3, 3, 1), (5, 'PW302', '2026-03-05 16:00:00', '2026-03-05 20:50:00', 252, 4, 10, 1), (6, 'GA401', '2026-03-06 11:40:00', '2026-03-06 18:20:00', 300, 5, 4, 1), (7, 'GA402', '2026-03-07 21:30:00', '2026-03-08 05:45:00', 280, 6, 1, 4), (8, 'LC501', '2026-03-09 06:20:00', '2026-03-09 10:10:00', 198, 7, 7, 1), (9, 'LC502', '2026-03-10 15:35:00', '2026-03-10 19:50:00', 190, 8, 1, 7), (10, 'ES601', '2026-03-11 13:25:00', '2026-03-11 17:55:00', 132, 9, 6, 1), (11, 'ES602', '2026-03-12 18:40:00', '2026-03-13 00:10:00', 170, 10, 1, 5), (12, 'AN103', '2026-03-13 07:25:00', '2026-03-13 10:40:00', 149, 2, 1, 9), (13, 'PW303', '2026-03-14 09:50:00', '2026-03-14 13:20:00', 242, 3, 8, 1), (14, 'GA403', '2026-03-15 05:15:00', '2026-03-15 12:30:00', 310, 5, 5, 1), (15, 'LC503', '2026-03-16 10:45:00', '2026-03-16 14:05:00', 202, 7, 9, 1), (16, 'ES603', '2026-03-17 12:30:00', '2026-03-17 16:20:00', 136, 9, 1, 6), (17, 'AN104', '2026-03-18 20:05:00', '2026-03-19 00:25:00', 175, 1, 1, 8), (18, 'PW304', '2026-03-19 06:55:00', '2026-03-19 11:35:00', 244, 4, 2, 1), (19, 'GA404', '2026-03-20 17:10:00', '2026-03-20 23:50:00', 305, 6, 1, 2), (20, 'LC504', '2026-03-21 09:00:00', '2026-03-21 12:20:00', 205, 8, 1, 3)
2026-09-23 10:15:26.143  INFO 47137 --- [demo] [main] j.LocalContainerEntityManagerFactoryBean : Closing JPA EntityManagerFactory for persistence unit 'default'
2026-09-23 10:15:26.145  INFO 47137 --- [demo] [main] com.zaxxer.hikari.HikariDataSource       : HikariPool-1 - Shutdown initiated...
2026-09-23 10:15:26.146  INFO 47137 --- [demo] [main] com.zaxxer.hikari.HikariDataSource       : HikariPool-1 - Shutdown completed.
2026-09-23 10:15:26.146  INFO 47137 --- [demo] [main] o.apache.catalina.core.StandardService   : Stopping service [Tomcat]
2026-09-23 10:15:26.149  INFO 47137 --- [demo] [main] .s.b.a.l.ConditionEvaluationReportLogger : 

Error starting ApplicationContext. To display the condition evaluation report re-run your application with 'debug' enabled.
2026-09-23 10:15:26.152 ERROR 47137 --- [demo] [main] o.s.boot.SpringApplication               : Application run failed

org.springframework.beans.factory.BeanCreationException: Error creating bean with name 'dataSourceScriptDatabaseInitializer' defined in class path resource [org/springframework/boot/jdbc/autoconfigure/DataSourceInitializationAutoConfiguration.class]: Failed to execute SQL script statement #4 of file [/Users/julinigal/Downloads/parcial-avion-master/target/classes/data.sql]: INSERT INTO flights (id, flight_number, departure_date, arrival_date, estimated_passengers, airplane_id, origin_airport_id, destination_airport_id) VALUES (1, 'AN101', '2026-03-01 07:00:00', '2026-03-01 13:00:00', 168, 1, 1, 2), (2, 'AN102', '2026-03-02 09:15:00', '2026-03-02 13:45:00', 162, 2, 1, 10), (3, 'AN201', '2026-03-03 14:10:00', '2026-03-03 19:50:00', 156, 1, 2, 1), (4, 'PW301', '2026-03-04 08:30:00', '2026-03-04 14:20:00', 248, 3, 3, 1), (5, 'PW302', '2026-03-05 16:00:00', '2026-03-05 20:50:00', 252, 4, 10, 1), (6, 'GA401', '2026-03-06 11:40:00', '2026-03-06 18:20:00', 300, 5, 4, 1), (7, 'GA402', '2026-03-07 21:30:00', '2026-03-08 05:45:00', 280, 6, 1, 4), (8, 'LC501', '2026-03-09 06:20:00', '2026-03-09 10:10:00', 198, 7, 7, 1), (9, 'LC502', '2026-03-10 15:35:00', '2026-03-10 19:50:00', 190, 8, 1, 7), (10, 'ES601', '2026-03-11 13:25:00', '2026-03-11 17:55:00', 132, 9, 6, 1), (11, 'ES602', '2026-03-12 18:40:00', '2026-03-13 00:10:00', 170, 10, 1, 5), (12, 'AN103', '2026-03-13 07:25:00', '2026-03-13 10:40:00', 149, 2, 1, 9), (13, 'PW303', '2026-03-14 09:50:00', '2026-03-14 13:20:00', 242, 3, 8, 1), (14, 'GA403', '2026-03-15 05:15:00', '2026-03-15 12:30:00', 310, 5, 5, 1), (15, 'LC503', '2026-03-16 10:45:00', '2026-03-16 14:05:00', 202, 7, 9, 1), (16, 'ES603', '2026-03-17 12:30:00', '2026-03-17 16:20:00', 136, 9, 1, 6), (17, 'AN104', '2026-03-18 20:05:00', '2026-03-19 00:25:00', 175, 1, 1, 8), (18, 'PW304', '2026-03-19 06:55:00', '2026-03-19 11:35:00', 244, 4, 2, 1), (19, 'GA404', '2026-03-20 17:10:00', '2026-03-20 23:50:00', 305, 6, 1, 2), (20, 'LC504', '2026-03-21 09:00:00', '2026-03-21 12:20:00', 205, 8, 1, 3)
	at org.springframework.beans.factory.support.AbstractAutowireCapableBeanFactory.initializeBean(AbstractAutowireCapableBeanFactory.java:1817) ~[spring-beans-7.0.6.jar:7.0.6]
	at org.springframework.beans.factory.support.AbstractAutowireCapableBeanFactory.doCreateBean(AbstractAutowireCapableBeanFactory.java:603) ~[spring-beans-7.0.6.jar:7.0.6]
	at org.springframework.beans.factory.support.AbstractAutowireCapableBeanFactory.createBean(AbstractAutowireCapableBeanFactory.java:525) ~[spring-beans-7.0.6.jar:7.0.6]
	at org.springframework.beans.factory.support.AbstractBeanFactory.lambda$doGetBean$0(AbstractBeanFactory.java:333) ~[spring-beans-7.0.6.jar:7.0.6]
	at org.springframework.beans.factory.support.DefaultSingletonBeanRegistry.getSingleton(DefaultSingletonBeanRegistry.java:371) ~[spring-beans-7.0.6.jar:7.0.6]
	at org.springframework.beans.factory.support.AbstractBeanFactory.doGetBean(AbstractBeanFactory.java:331) ~[spring-beans-7.0.6.jar:7.0.6]
	at org.springframework.beans.factory.support.AbstractBeanFactory.getBean(AbstractBeanFactory.java:196) ~[spring-beans-7.0.6.jar:7.0.6]
	at org.springframework.beans.factory.support.DefaultListableBeanFactory.instantiateSingleton(DefaultListableBeanFactory.java:1218) ~[spring-beans-7.0.6.jar:7.0.6]
	at org.springframework.beans.factory.support.DefaultListableBeanFactory.preInstantiateSingleton(DefaultListableBeanFactory.java:1184) ~[spring-beans-7.0.6.jar:7.0.6]
	at org.springframework.beans.factory.support.DefaultListableBeanFactory.preInstantiateSingletons(DefaultListableBeanFactory.java:1121) ~[spring-beans-7.0.6.jar:7.0.6]
	at org.springframework.context.support.AbstractApplicationContext.finishBeanFactoryInitialization(AbstractApplicationContext.java:994) ~[spring-context-7.0.6.jar:7.0.6]
	at org.springframework.context.support.AbstractApplicationContext.refresh(AbstractApplicationContext.java:621) ~[spring-context-7.0.6.jar:7.0.6]
	at org.springframework.boot.web.server.servlet.context.ServletWebServerApplicationContext.refresh(ServletWebServerApplicationContext.java:143) ~[spring-boot-web-server-4.0.4.jar:4.0.4]
	at org.springframework.boot.SpringApplication.refresh(SpringApplication.java:756) ~[spring-boot-4.0.4.jar:4.0.4]
	at org.springframework.boot.SpringApplication.refreshContext(SpringApplication.java:445) ~[spring-boot-4.0.4.jar:4.0.4]
	at org.springframework.boot.SpringApplication.run(SpringApplication.java:321) ~[spring-boot-4.0.4.jar:4.0.4]
	at org.springframework.boot.SpringApplication.run(SpringApplication.java:1365) ~[spring-boot-4.0.4.jar:4.0.4]
	at org.springframework.boot.SpringApplication.run(SpringApplication.java:1354) ~[spring-boot-4.0.4.jar:4.0.4]
	at com.example.demo.DemoApplication.main(DemoApplication.java:10) ~[classes/:na]
Caused by: org.springframework.jdbc.datasource.init.ScriptStatementFailedException: Failed to execute SQL script statement #4 of file [/Users/julinigal/Downloads/parcial-avion-master/target/classes/data.sql]: INSERT INTO flights (id, flight_number, departure_date, arrival_date, estimated_passengers, airplane_id, origin_airport_id, destination_airport_id) VALUES (1, 'AN101', '2026-03-01 07:00:00', '2026-03-01 13:00:00', 168, 1, 1, 2), (2, 'AN102', '2026-03-02 09:15:00', '2026-03-02 13:45:00', 162, 2, 1, 10), (3, 'AN201', '2026-03-03 14:10:00', '2026-03-03 19:50:00', 156, 1, 2, 1), (4, 'PW301', '2026-03-04 08:30:00', '2026-03-04 14:20:00', 248, 3, 3, 1), (5, 'PW302', '2026-03-05 16:00:00', '2026-03-05 20:50:00', 252, 4, 10, 1), (6, 'GA401', '2026-03-06 11:40:00', '2026-03-06 18:20:00', 300, 5, 4, 1), (7, 'GA402', '2026-03-07 21:30:00', '2026-03-08 05:45:00', 280, 6, 1, 4), (8, 'LC501', '2026-03-09 06:20:00', '2026-03-09 10:10:00', 198, 7, 7, 1), (9, 'LC502', '2026-03-10 15:35:00', '2026-03-10 19:50:00', 190, 8, 1, 7), (10, 'ES601', '2026-03-11 13:25:00', '2026-03-11 17:55:00', 132, 9, 6, 1), (11, 'ES602', '2026-03-12 18:40:00', '2026-03-13 00:10:00', 170, 10, 1, 5), (12, 'AN103', '2026-03-13 07:25:00', '2026-03-13 10:40:00', 149, 2, 1, 9), (13, 'PW303', '2026-03-14 09:50:00', '2026-03-14 13:20:00', 242, 3, 8, 1), (14, 'GA403', '2026-03-15 05:15:00', '2026-03-15 12:30:00', 310, 5, 5, 1), (15, 'LC503', '2026-03-16 10:45:00', '2026-03-16 14:05:00', 202, 7, 9, 1), (16, 'ES603', '2026-03-17 12:30:00', '2026-03-17 16:20:00', 136, 9, 1, 6), (17, 'AN104', '2026-03-18 20:05:00', '2026-03-19 00:25:00', 175, 1, 1, 8), (18, 'PW304', '2026-03-19 06:55:00', '2026-03-19 11:35:00', 244, 4, 2, 1), (19, 'GA404', '2026-03-20 17:10:00', '2026-03-20 23:50:00', 305, 6, 1, 2), (20, 'LC504', '2026-03-21 09:00:00', '2026-03-21 12:20:00', 205, 8, 1, 3)
	at org.springframework.jdbc.datasource.init.ScriptUtils.executeSqlScript(ScriptUtils.java:293) ~[spring-jdbc-7.0.6.jar:7.0.6]
	at org.springframework.jdbc.datasource.init.ResourceDatabasePopulator.populate(ResourceDatabasePopulator.java:254) ~[spring-jdbc-7.0.6.jar:7.0.6]
	at org.springframework.jdbc.datasource.init.DatabasePopulatorUtils.execute(DatabasePopulatorUtils.java:54) ~[spring-jdbc-7.0.6.jar:7.0.6]
	at org.springframework.boot.jdbc.init.DataSourceScriptDatabaseInitializer.runScripts(DataSourceScriptDatabaseInitializer.java:87) ~[spring-boot-jdbc-4.0.4.jar:4.0.4]
	at org.springframework.boot.sql.init.AbstractScriptDatabaseInitializer.runScripts(AbstractScriptDatabaseInitializer.java:159) ~[spring-boot-sql-4.0.4.jar:4.0.4]
	at org.springframework.boot.sql.init.AbstractScriptDatabaseInitializer.applyScripts(AbstractScriptDatabaseInitializer.java:120) ~[spring-boot-sql-4.0.4.jar:4.0.4]
	at org.springframework.boot.sql.init.AbstractScriptDatabaseInitializer.applyDataScripts(AbstractScriptDatabaseInitializer.java:113) ~[spring-boot-sql-4.0.4.jar:4.0.4]
	at org.springframework.boot.sql.init.AbstractScriptDatabaseInitializer.initializeDatabase(AbstractScriptDatabaseInitializer.java:88) ~[spring-boot-sql-4.0.4.jar:4.0.4]
	at org.springframework.boot.sql.init.AbstractScriptDatabaseInitializer.afterPropertiesSet(AbstractScriptDatabaseInitializer.java:77) ~[spring-boot-sql-4.0.4.jar:4.0.4]
	at org.springframework.beans.factory.support.AbstractAutowireCapableBeanFactory.invokeInitMethods(AbstractAutowireCapableBeanFactory.java:1864) ~[spring-beans-7.0.6.jar:7.0.6]
	at org.springframework.beans.factory.support.AbstractAutowireCapableBeanFactory.initializeBean(AbstractAutowireCapableBeanFactory.java:1813) ~[spring-beans-7.0.6.jar:7.0.6]
	... 18 common frames omitted
Caused by: org.h2.jdbc.JdbcSQLSyntaxErrorException: Columna "ESTIMATED_PASSENGERS" no encontrada
Column "ESTIMATED_PASSENGERS" not found; SQL statement:
INSERT INTO flights (id, flight_number, departure_date, arrival_date, estimated_passengers, airplane_id, origin_airport_id, destination_airport_id) VALUES (1, 'AN101', '2026-03-01 07:00:00', '2026-03-01 13:00:00', 168, 1, 1, 2), (2, 'AN102', '2026-03-02 09:15:00', '2026-03-02 13:45:00', 162, 2, 1, 10), (3, 'AN201', '2026-03-03 14:10:00', '2026-03-03 19:50:00', 156, 1, 2, 1), (4, 'PW301', '2026-03-04 08:30:00', '2026-03-04 14:20:00', 248, 3, 3, 1), (5, 'PW302', '2026-03-05 16:00:00', '2026-03-05 20:50:00', 252, 4, 10, 1), (6, 'GA401', '2026-03-06 11:40:00', '2026-03-06 18:20:00', 300, 5, 4, 1), (7, 'GA402', '2026-03-07 21:30:00', '2026-03-08 05:45:00', 280, 6, 1, 4), (8, 'LC501', '2026-03-09 06:20:00', '2026-03-09 10:10:00', 198, 7, 7, 1), (9, 'LC502', '2026-03-10 15:35:00', '2026-03-10 19:50:00', 190, 8, 1, 7), (10, 'ES601', '2026-03-11 13:25:00', '2026-03-11 17:55:00', 132, 9, 6, 1), (11, 'ES602', '2026-03-12 18:40:00', '2026-03-13 00:10:00', 170, 10, 1, 5), (12, 'AN103', '2026-03-13 07:25:00', '2026-03-13 10:40:00', 149, 2, 1, 9), (13, 'PW303', '2026-03-14 09:50:00', '2026-03-14 13:20:00', 242, 3, 8, 1), (14, 'GA403', '2026-03-15 05:15:00', '2026-03-15 12:30:00', 310, 5, 5, 1), (15, 'LC503', '2026-03-16 10:45:00', '2026-03-16 14:05:00', 202, 7, 9, 1), (16, 'ES603', '2026-03-17 12:30:00', '2026-03-17 16:20:00', 136, 9, 1, 6), (17, 'AN104', '2026-03-18 20:05:00', '2026-03-19 00:25:00', 175, 1, 1, 8), (18, 'PW304', '2026-03-19 06:55:00', '2026-03-19 11:35:00', 244, 4, 2, 1), (19, 'GA404', '2026-03-20 17:10:00', '2026-03-20 23:50:00', 305, 6, 1, 2), (20, 'LC504', '2026-03-21 09:00:00', '2026-03-21 12:20:00', 205, 8, 1, 3) [42122-240]
	at org.h2.message.DbException.getJdbcSQLException(DbException.java:514) ~[h2-2.4.240.jar:2.4.240]
	at org.h2.message.DbException.getJdbcSQLException(DbException.java:489) ~[h2-2.4.240.jar:2.4.240]
	at org.h2.message.DbException.get(DbException.java:223) ~[h2-2.4.240.jar:2.4.240]
	at org.h2.message.DbException.get(DbException.java:199) ~[h2-2.4.240.jar:2.4.240]
	at org.h2.table.Table.getColumn(Table.java:778) ~[h2-2.4.240.jar:2.4.240]
	at org.h2.command.Parser.parseColumn(Parser.java:1174) ~[h2-2.4.240.jar:2.4.240]
	at org.h2.command.Parser.parseColumnList(Parser.java:1159) ~[h2-2.4.240.jar:2.4.240]
	at org.h2.command.Parser.parseInsert(Parser.java:1533) ~[h2-2.4.240.jar:2.4.240]
	at org.h2.command.Parser.parsePrepared(Parser.java:701) ~[h2-2.4.240.jar:2.4.240]
	at org.h2.command.Parser.parse(Parser.java:584) ~[h2-2.4.240.jar:2.4.240]
	at org.h2.command.Parser.parse(Parser.java:559) ~[h2-2.4.240.jar:2.4.240]
	at org.h2.command.Parser.prepareCommand(Parser.java:487) ~[h2-2.4.240.jar:2.4.240]
	at org.h2.engine.SessionLocal.prepareLocal(SessionLocal.java:647) ~[h2-2.4.240.jar:2.4.240]
	at org.h2.engine.SessionLocal.prepareCommand(SessionLocal.java:563) ~[h2-2.4.240.jar:2.4.240]
	at org.h2.jdbc.JdbcConnection.prepareCommand(JdbcConnection.java:1160) ~[h2-2.4.240.jar:2.4.240]
	at org.h2.jdbc.JdbcStatement.executeInternal(JdbcStatement.java:245) ~[h2-2.4.240.jar:2.4.240]
	at org.h2.jdbc.JdbcStatement.execute(JdbcStatement.java:231) ~[h2-2.4.240.jar:2.4.240]
	at com.zaxxer.hikari.pool.ProxyStatement.execute(ProxyStatement.java:95) ~[HikariCP-7.0.2.jar:na]
	at com.zaxxer.hikari.pool.HikariProxyStatement.execute(HikariProxyStatement.java) ~[HikariCP-7.0.2.jar:na]
	at org.springframework.jdbc.datasource.init.ScriptUtils.executeSqlScript(ScriptUtils.java:261) ~[spring-jdbc-7.0.6.jar:7.0.6]
	... 28 common frames omitted

2026-09-23 10:25:28.248  INFO 47567 --- [demo] [main] com.example.demo.DemoApplication         : Starting DemoApplication using Java 17.0.20 with PID 47567 (/Users/julinigal/Downloads/parcial-avion-master/target/classes started by julinigal in /Users/julinigal/Downloads/parcial-avion-master)
2026-09-23 10:25:28.251  INFO 47567 --- [demo] [main] com.example.demo.DemoApplication         : No active profile set, falling back to 1 default profile: "default"
2026-09-23 10:25:28.412  INFO 47567 --- [demo] [main] .s.d.r.c.RepositoryConfigurationDelegate : Bootstrapping Spring Data JPA repositories in DEFAULT mode.
2026-09-23 10:25:28.429  INFO 47567 --- [demo] [main] .s.d.r.c.RepositoryConfigurationDelegate : Finished Spring Data repository scanning in 14 ms. Found 6 JPA repository interfaces.
2026-09-23 10:25:28.550  INFO 47567 --- [demo] [main] o.s.boot.tomcat.TomcatWebServer          : Tomcat initialized with port 8081 (http)
2026-09-23 10:25:28.554  INFO 47567 --- [demo] [main] o.apache.catalina.core.StandardService   : Starting service [Tomcat]
2026-09-23 10:25:28.554  INFO 47567 --- [demo] [main] o.apache.catalina.core.StandardEngine    : Starting Servlet engine: [Apache Tomcat/11.0.18]
2026-09-23 10:25:28.569  INFO 47567 --- [demo] [main] b.w.c.s.WebApplicationContextInitializer : Root WebApplicationContext: initialization completed in 306 ms
2026-09-23 10:25:28.616  INFO 47567 --- [demo] [main] org.hibernate.orm.jpa                    : HHH008540: Processing PersistenceUnitInfo [name: default]
2026-09-23 10:25:28.641  INFO 47567 --- [demo] [main] org.hibernate.orm.core                   : HHH000001: Hibernate ORM core version 7.2.7.Final
2026-09-23 10:25:28.776  INFO 47567 --- [demo] [main] o.s.o.j.p.SpringPersistenceUnitInfo      : No LoadTimeWeaver setup: ignoring JPA class transformer
2026-09-23 10:25:28.788  INFO 47567 --- [demo] [main] com.zaxxer.hikari.HikariDataSource       : HikariPool-1 - Starting...
2026-09-23 10:25:28.852  INFO 47567 --- [demo] [main] com.zaxxer.hikari.pool.HikariPool        : HikariPool-1 - Added connection conn0: url=jdbc:h2:mem:db-test user=POSTGRES
2026-09-23 10:25:28.853  INFO 47567 --- [demo] [main] com.zaxxer.hikari.HikariDataSource       : HikariPool-1 - Start completed.
2026-09-23 10:25:28.871  INFO 47567 --- [demo] [main] org.hibernate.orm.connections.pooling    : HHH10001005: Database info:
	Database JDBC URL [jdbc:h2:mem:db-test]
	Database driver: H2 JDBC Driver
	Database dialect: H2Dialect
	Database version: 2.4.240
	Default catalog/schema: DB-TEST/PUBLIC
	Autocommit mode: undefined/unknown
	Isolation level: READ_COMMITTED [default READ_COMMITTED]
	JDBC fetch size: 100
	Pool: DataSourceConnectionProvider
	Minimum pool size: undefined/unknown
	Maximum pool size: undefined/unknown
2026-09-23 10:25:29.141  INFO 47567 --- [demo] [main] org.hibernate.orm.core                   : HHH000489: No JTA platform available (set 'hibernate.transaction.jta.platform' to enable JTA platform integration)
2026-09-23 10:25:29.159  INFO 47567 --- [demo] [main] j.LocalContainerEntityManagerFactoryBean : Initialized JPA EntityManagerFactory for persistence unit 'default'
2026-09-23 10:25:29.183  INFO 47567 --- [demo] [main] o.s.d.j.r.query.QueryEnhancerFactories   : Hibernate is in classpath; If applicable, HQL parser will be used.
2026-09-23 10:25:29.230  WARN 47567 --- [demo] [main] JpaBaseConfiguration$JpaWebConfiguration : spring.jpa.open-in-view is enabled by default. Therefore, database queries may be performed during view rendering. Explicitly configure spring.jpa.open-in-view to disable this warning
2026-09-23 10:25:29.313  INFO 47567 --- [demo] [main] o.s.b.h.a.H2ConsoleAutoConfiguration     : H2 console available at '/h2-console'. Database available at 'jdbc:h2:mem:db-test'
2026-09-23 10:25:29.319  WARN 47567 --- [demo] [main] ConfigServletWebServerApplicationContext : Exception encountered during context initialization - cancelling refresh attempt: org.springframework.beans.factory.BeanCreationException: Error creating bean with name 'dataSourceScriptDatabaseInitializer' defined in class path resource [org/springframework/boot/jdbc/autoconfigure/DataSourceInitializationAutoConfiguration.class]: Failed to execute SQL script statement #4 of file [/Users/julinigal/Downloads/parcial-avion-master/target/classes/data.sql]: INSERT INTO flights (id, flight_number, departure_date, arrival_date, estimated_passengers, airplane_id, origin_airport_id, destination_airport_id) VALUES (1, 'AN101', '2026-03-01 07:00:00', '2026-03-01 13:00:00', 168, 1, 1, 2), (2, 'AN102', '2026-03-02 09:15:00', '2026-03-02 13:45:00', 162, 2, 1, 10), (3, 'AN201', '2026-03-03 14:10:00', '2026-03-03 19:50:00', 156, 1, 2, 1), (4, 'PW301', '2026-03-04 08:30:00', '2026-03-04 14:20:00', 248, 3, 3, 1), (5, 'PW302', '2026-03-05 16:00:00', '2026-03-05 20:50:00', 252, 4, 10, 1), (6, 'GA401', '2026-03-06 11:40:00', '2026-03-06 18:20:00', 300, 5, 4, 1), (7, 'GA402', '2026-03-07 21:30:00', '2026-03-08 05:45:00', 280, 6, 1, 4), (8, 'LC501', '2026-03-09 06:20:00', '2026-03-09 10:10:00', 198, 7, 7, 1), (9, 'LC502', '2026-03-10 15:35:00', '2026-03-10 19:50:00', 190, 8, 1, 7), (10, 'ES601', '2026-03-11 13:25:00', '2026-03-11 17:55:00', 132, 9, 6, 1), (11, 'ES602', '2026-03-12 18:40:00', '2026-03-13 00:10:00', 170, 10, 1, 5), (12, 'AN103', '2026-03-13 07:25:00', '2026-03-13 10:40:00', 149, 2, 1, 9), (13, 'PW303', '2026-03-14 09:50:00', '2026-03-14 13:20:00', 242, 3, 8, 1), (14, 'GA403', '2026-03-15 05:15:00', '2026-03-15 12:30:00', 310, 5, 5, 1), (15, 'LC503', '2026-03-16 10:45:00', '2026-03-16 14:05:00', 202, 7, 9, 1), (16, 'ES603', '2026-03-17 12:30:00', '2026-03-17 16:20:00', 136, 9, 1, 6), (17, 'AN104', '2026-03-18 20:05:00', '2026-03-19 00:25:00', 175, 1, 1, 8), (18, 'PW304', '2026-03-19 06:55:00', '2026-03-19 11:35:00', 244, 4, 2, 1), (19, 'GA404', '2026-03-20 17:10:00', '2026-03-20 23:50:00', 305, 6, 1, 2), (20, 'LC504', '2026-03-21 09:00:00', '2026-03-21 12:20:00', 205, 8, 1, 3)
2026-09-23 10:25:29.320  INFO 47567 --- [demo] [main] j.LocalContainerEntityManagerFactoryBean : Closing JPA EntityManagerFactory for persistence unit 'default'
2026-09-23 10:25:29.322  INFO 47567 --- [demo] [main] com.zaxxer.hikari.HikariDataSource       : HikariPool-1 - Shutdown initiated...
2026-09-23 10:25:29.322  INFO 47567 --- [demo] [main] com.zaxxer.hikari.HikariDataSource       : HikariPool-1 - Shutdown completed.
2026-09-23 10:25:29.323  INFO 47567 --- [demo] [main] o.apache.catalina.core.StandardService   : Stopping service [Tomcat]
2026-09-23 10:25:29.325  INFO 47567 --- [demo] [main] .s.b.a.l.ConditionEvaluationReportLogger : 

Error starting ApplicationContext. To display the condition evaluation report re-run your application with 'debug' enabled.
2026-09-23 10:25:29.328 ERROR 47567 --- [demo] [main] o.s.boot.SpringApplication               : Application run failed

org.springframework.beans.factory.BeanCreationException: Error creating bean with name 'dataSourceScriptDatabaseInitializer' defined in class path resource [org/springframework/boot/jdbc/autoconfigure/DataSourceInitializationAutoConfiguration.class]: Failed to execute SQL script statement #4 of file [/Users/julinigal/Downloads/parcial-avion-master/target/classes/data.sql]: INSERT INTO flights (id, flight_number, departure_date, arrival_date, estimated_passengers, airplane_id, origin_airport_id, destination_airport_id) VALUES (1, 'AN101', '2026-03-01 07:00:00', '2026-03-01 13:00:00', 168, 1, 1, 2), (2, 'AN102', '2026-03-02 09:15:00', '2026-03-02 13:45:00', 162, 2, 1, 10), (3, 'AN201', '2026-03-03 14:10:00', '2026-03-03 19:50:00', 156, 1, 2, 1), (4, 'PW301', '2026-03-04 08:30:00', '2026-03-04 14:20:00', 248, 3, 3, 1), (5, 'PW302', '2026-03-05 16:00:00', '2026-03-05 20:50:00', 252, 4, 10, 1), (6, 'GA401', '2026-03-06 11:40:00', '2026-03-06 18:20:00', 300, 5, 4, 1), (7, 'GA402', '2026-03-07 21:30:00', '2026-03-08 05:45:00', 280, 6, 1, 4), (8, 'LC501', '2026-03-09 06:20:00', '2026-03-09 10:10:00', 198, 7, 7, 1), (9, 'LC502', '2026-03-10 15:35:00', '2026-03-10 19:50:00', 190, 8, 1, 7), (10, 'ES601', '2026-03-11 13:25:00', '2026-03-11 17:55:00', 132, 9, 6, 1), (11, 'ES602', '2026-03-12 18:40:00', '2026-03-13 00:10:00', 170, 10, 1, 5), (12, 'AN103', '2026-03-13 07:25:00', '2026-03-13 10:40:00', 149, 2, 1, 9), (13, 'PW303', '2026-03-14 09:50:00', '2026-03-14 13:20:00', 242, 3, 8, 1), (14, 'GA403', '2026-03-15 05:15:00', '2026-03-15 12:30:00', 310, 5, 5, 1), (15, 'LC503', '2026-03-16 10:45:00', '2026-03-16 14:05:00', 202, 7, 9, 1), (16, 'ES603', '2026-03-17 12:30:00', '2026-03-17 16:20:00', 136, 9, 1, 6), (17, 'AN104', '2026-03-18 20:05:00', '2026-03-19 00:25:00', 175, 1, 1, 8), (18, 'PW304', '2026-03-19 06:55:00', '2026-03-19 11:35:00', 244, 4, 2, 1), (19, 'GA404', '2026-03-20 17:10:00', '2026-03-20 23:50:00', 305, 6, 1, 2), (20, 'LC504', '2026-03-21 09:00:00', '2026-03-21 12:20:00', 205, 8, 1, 3)
	at org.springframework.beans.factory.support.AbstractAutowireCapableBeanFactory.initializeBean(AbstractAutowireCapableBeanFactory.java:1817) ~[spring-beans-7.0.6.jar:7.0.6]
	at org.springframework.beans.factory.support.AbstractAutowireCapableBeanFactory.doCreateBean(AbstractAutowireCapableBeanFactory.java:603) ~[spring-beans-7.0.6.jar:7.0.6]
	at org.springframework.beans.factory.support.AbstractAutowireCapableBeanFactory.createBean(AbstractAutowireCapableBeanFactory.java:525) ~[spring-beans-7.0.6.jar:7.0.6]
	at org.springframework.beans.factory.support.AbstractBeanFactory.lambda$doGetBean$0(AbstractBeanFactory.java:333) ~[spring-beans-7.0.6.jar:7.0.6]
	at org.springframework.beans.factory.support.DefaultSingletonBeanRegistry.getSingleton(DefaultSingletonBeanRegistry.java:371) ~[spring-beans-7.0.6.jar:7.0.6]
	at org.springframework.beans.factory.support.AbstractBeanFactory.doGetBean(AbstractBeanFactory.java:331) ~[spring-beans-7.0.6.jar:7.0.6]
	at org.springframework.beans.factory.support.AbstractBeanFactory.getBean(AbstractBeanFactory.java:196) ~[spring-beans-7.0.6.jar:7.0.6]
	at org.springframework.beans.factory.support.DefaultListableBeanFactory.instantiateSingleton(DefaultListableBeanFactory.java:1218) ~[spring-beans-7.0.6.jar:7.0.6]
	at org.springframework.beans.factory.support.DefaultListableBeanFactory.preInstantiateSingleton(DefaultListableBeanFactory.java:1184) ~[spring-beans-7.0.6.jar:7.0.6]
	at org.springframework.beans.factory.support.DefaultListableBeanFactory.preInstantiateSingletons(DefaultListableBeanFactory.java:1121) ~[spring-beans-7.0.6.jar:7.0.6]
	at org.springframework.context.support.AbstractApplicationContext.finishBeanFactoryInitialization(AbstractApplicationContext.java:994) ~[spring-context-7.0.6.jar:7.0.6]
	at org.springframework.context.support.AbstractApplicationContext.refresh(AbstractApplicationContext.java:621) ~[spring-context-7.0.6.jar:7.0.6]
	at org.springframework.boot.web.server.servlet.context.ServletWebServerApplicationContext.refresh(ServletWebServerApplicationContext.java:143) ~[spring-boot-web-server-4.0.4.jar:4.0.4]
	at org.springframework.boot.SpringApplication.refresh(SpringApplication.java:756) ~[spring-boot-4.0.4.jar:4.0.4]
	at org.springframework.boot.SpringApplication.refreshContext(SpringApplication.java:445) ~[spring-boot-4.0.4.jar:4.0.4]
	at org.springframework.boot.SpringApplication.run(SpringApplication.java:321) ~[spring-boot-4.0.4.jar:4.0.4]
	at org.springframework.boot.SpringApplication.run(SpringApplication.java:1365) ~[spring-boot-4.0.4.jar:4.0.4]
	at org.springframework.boot.SpringApplication.run(SpringApplication.java:1354) ~[spring-boot-4.0.4.jar:4.0.4]
	at com.example.demo.DemoApplication.main(DemoApplication.java:10) ~[classes/:na]
Caused by: org.springframework.jdbc.datasource.init.ScriptStatementFailedException: Failed to execute SQL script statement #4 of file [/Users/julinigal/Downloads/parcial-avion-master/target/classes/data.sql]: INSERT INTO flights (id, flight_number, departure_date, arrival_date, estimated_passengers, airplane_id, origin_airport_id, destination_airport_id) VALUES (1, 'AN101', '2026-03-01 07:00:00', '2026-03-01 13:00:00', 168, 1, 1, 2), (2, 'AN102', '2026-03-02 09:15:00', '2026-03-02 13:45:00', 162, 2, 1, 10), (3, 'AN201', '2026-03-03 14:10:00', '2026-03-03 19:50:00', 156, 1, 2, 1), (4, 'PW301', '2026-03-04 08:30:00', '2026-03-04 14:20:00', 248, 3, 3, 1), (5, 'PW302', '2026-03-05 16:00:00', '2026-03-05 20:50:00', 252, 4, 10, 1), (6, 'GA401', '2026-03-06 11:40:00', '2026-03-06 18:20:00', 300, 5, 4, 1), (7, 'GA402', '2026-03-07 21:30:00', '2026-03-08 05:45:00', 280, 6, 1, 4), (8, 'LC501', '2026-03-09 06:20:00', '2026-03-09 10:10:00', 198, 7, 7, 1), (9, 'LC502', '2026-03-10 15:35:00', '2026-03-10 19:50:00', 190, 8, 1, 7), (10, 'ES601', '2026-03-11 13:25:00', '2026-03-11 17:55:00', 132, 9, 6, 1), (11, 'ES602', '2026-03-12 18:40:00', '2026-03-13 00:10:00', 170, 10, 1, 5), (12, 'AN103', '2026-03-13 07:25:00', '2026-03-13 10:40:00', 149, 2, 1, 9), (13, 'PW303', '2026-03-14 09:50:00', '2026-03-14 13:20:00', 242, 3, 8, 1), (14, 'GA403', '2026-03-15 05:15:00', '2026-03-15 12:30:00', 310, 5, 5, 1), (15, 'LC503', '2026-03-16 10:45:00', '2026-03-16 14:05:00', 202, 7, 9, 1), (16, 'ES603', '2026-03-17 12:30:00', '2026-03-17 16:20:00', 136, 9, 1, 6), (17, 'AN104', '2026-03-18 20:05:00', '2026-03-19 00:25:00', 175, 1, 1, 8), (18, 'PW304', '2026-03-19 06:55:00', '2026-03-19 11:35:00', 244, 4, 2, 1), (19, 'GA404', '2026-03-20 17:10:00', '2026-03-20 23:50:00', 305, 6, 1, 2), (20, 'LC504', '2026-03-21 09:00:00', '2026-03-21 12:20:00', 205, 8, 1, 3)
	at org.springframework.jdbc.datasource.init.ScriptUtils.executeSqlScript(ScriptUtils.java:293) ~[spring-jdbc-7.0.6.jar:7.0.6]
	at org.springframework.jdbc.datasource.init.ResourceDatabasePopulator.populate(ResourceDatabasePopulator.java:254) ~[spring-jdbc-7.0.6.jar:7.0.6]
	at org.springframework.jdbc.datasource.init.DatabasePopulatorUtils.execute(DatabasePopulatorUtils.java:54) ~[spring-jdbc-7.0.6.jar:7.0.6]
	at org.springframework.boot.jdbc.init.DataSourceScriptDatabaseInitializer.runScripts(DataSourceScriptDatabaseInitializer.java:87) ~[spring-boot-jdbc-4.0.4.jar:4.0.4]
	at org.springframework.boot.sql.init.AbstractScriptDatabaseInitializer.runScripts(AbstractScriptDatabaseInitializer.java:159) ~[spring-boot-sql-4.0.4.jar:4.0.4]
	at org.springframework.boot.sql.init.AbstractScriptDatabaseInitializer.applyScripts(AbstractScriptDatabaseInitializer.java:120) ~[spring-boot-sql-4.0.4.jar:4.0.4]
	at org.springframework.boot.sql.init.AbstractScriptDatabaseInitializer.applyDataScripts(AbstractScriptDatabaseInitializer.java:113) ~[spring-boot-sql-4.0.4.jar:4.0.4]
	at org.springframework.boot.sql.init.AbstractScriptDatabaseInitializer.initializeDatabase(AbstractScriptDatabaseInitializer.java:88) ~[spring-boot-sql-4.0.4.jar:4.0.4]
	at org.springframework.boot.sql.init.AbstractScriptDatabaseInitializer.afterPropertiesSet(AbstractScriptDatabaseInitializer.java:77) ~[spring-boot-sql-4.0.4.jar:4.0.4]
	at org.springframework.beans.factory.support.AbstractAutowireCapableBeanFactory.invokeInitMethods(AbstractAutowireCapableBeanFactory.java:1864) ~[spring-beans-7.0.6.jar:7.0.6]
	at org.springframework.beans.factory.support.AbstractAutowireCapableBeanFactory.initializeBean(AbstractAutowireCapableBeanFactory.java:1813) ~[spring-beans-7.0.6.jar:7.0.6]
	... 18 common frames omitted
Caused by: org.h2.jdbc.JdbcSQLSyntaxErrorException: Columna "ESTIMATED_PASSENGERS" no encontrada
Column "ESTIMATED_PASSENGERS" not found; SQL statement:
INSERT INTO flights (id, flight_number, departure_date, arrival_date, estimated_passengers, airplane_id, origin_airport_id, destination_airport_id) VALUES (1, 'AN101', '2026-03-01 07:00:00', '2026-03-01 13:00:00', 168, 1, 1, 2), (2, 'AN102', '2026-03-02 09:15:00', '2026-03-02 13:45:00', 162, 2, 1, 10), (3, 'AN201', '2026-03-03 14:10:00', '2026-03-03 19:50:00', 156, 1, 2, 1), (4, 'PW301', '2026-03-04 08:30:00', '2026-03-04 14:20:00', 248, 3, 3, 1), (5, 'PW302', '2026-03-05 16:00:00', '2026-03-05 20:50:00', 252, 4, 10, 1), (6, 'GA401', '2026-03-06 11:40:00', '2026-03-06 18:20:00', 300, 5, 4, 1), (7, 'GA402', '2026-03-07 21:30:00', '2026-03-08 05:45:00', 280, 6, 1, 4), (8, 'LC501', '2026-03-09 06:20:00', '2026-03-09 10:10:00', 198, 7, 7, 1), (9, 'LC502', '2026-03-10 15:35:00', '2026-03-10 19:50:00', 190, 8, 1, 7), (10, 'ES601', '2026-03-11 13:25:00', '2026-03-11 17:55:00', 132, 9, 6, 1), (11, 'ES602', '2026-03-12 18:40:00', '2026-03-13 00:10:00', 170, 10, 1, 5), (12, 'AN103', '2026-03-13 07:25:00', '2026-03-13 10:40:00', 149, 2, 1, 9), (13, 'PW303', '2026-03-14 09:50:00', '2026-03-14 13:20:00', 242, 3, 8, 1), (14, 'GA403', '2026-03-15 05:15:00', '2026-03-15 12:30:00', 310, 5, 5, 1), (15, 'LC503', '2026-03-16 10:45:00', '2026-03-16 14:05:00', 202, 7, 9, 1), (16, 'ES603', '2026-03-17 12:30:00', '2026-03-17 16:20:00', 136, 9, 1, 6), (17, 'AN104', '2026-03-18 20:05:00', '2026-03-19 00:25:00', 175, 1, 1, 8), (18, 'PW304', '2026-03-19 06:55:00', '2026-03-19 11:35:00', 244, 4, 2, 1), (19, 'GA404', '2026-03-20 17:10:00', '2026-03-20 23:50:00', 305, 6, 1, 2), (20, 'LC504', '2026-03-21 09:00:00', '2026-03-21 12:20:00', 205, 8, 1, 3) [42122-240]
	at org.h2.message.DbException.getJdbcSQLException(DbException.java:514) ~[h2-2.4.240.jar:2.4.240]
	at org.h2.message.DbException.getJdbcSQLException(DbException.java:489) ~[h2-2.4.240.jar:2.4.240]
	at org.h2.message.DbException.get(DbException.java:223) ~[h2-2.4.240.jar:2.4.240]
	at org.h2.message.DbException.get(DbException.java:199) ~[h2-2.4.240.jar:2.4.240]
	at org.h2.table.Table.getColumn(Table.java:778) ~[h2-2.4.240.jar:2.4.240]
	at org.h2.command.Parser.parseColumn(Parser.java:1174) ~[h2-2.4.240.jar:2.4.240]
	at org.h2.command.Parser.parseColumnList(Parser.java:1159) ~[h2-2.4.240.jar:2.4.240]
	at org.h2.command.Parser.parseInsert(Parser.java:1533) ~[h2-2.4.240.jar:2.4.240]
	at org.h2.command.Parser.parsePrepared(Parser.java:701) ~[h2-2.4.240.jar:2.4.240]
	at org.h2.command.Parser.parse(Parser.java:584) ~[h2-2.4.240.jar:2.4.240]
	at org.h2.command.Parser.parse(Parser.java:559) ~[h2-2.4.240.jar:2.4.240]
	at org.h2.command.Parser.prepareCommand(Parser.java:487) ~[h2-2.4.240.jar:2.4.240]
	at org.h2.engine.SessionLocal.prepareLocal(SessionLocal.java:647) ~[h2-2.4.240.jar:2.4.240]
	at org.h2.engine.SessionLocal.prepareCommand(SessionLocal.java:563) ~[h2-2.4.240.jar:2.4.240]
	at org.h2.jdbc.JdbcConnection.prepareCommand(JdbcConnection.java:1160) ~[h2-2.4.240.jar:2.4.240]
	at org.h2.jdbc.JdbcStatement.executeInternal(JdbcStatement.java:245) ~[h2-2.4.240.jar:2.4.240]
	at org.h2.jdbc.JdbcStatement.execute(JdbcStatement.java:231) ~[h2-2.4.240.jar:2.4.240]
	at com.zaxxer.hikari.pool.ProxyStatement.execute(ProxyStatement.java:95) ~[HikariCP-7.0.2.jar:na]
	at com.zaxxer.hikari.pool.HikariProxyStatement.execute(HikariProxyStatement.java) ~[HikariCP-7.0.2.jar:na]
	at org.springframework.jdbc.datasource.init.ScriptUtils.executeSqlScript(ScriptUtils.java:261) ~[spring-jdbc-7.0.6.jar:7.0.6]
	... 28 common frames omitted

2026-09-23 10:28:58.690  INFO 47783 --- [demo] [main] com.example.demo.DemoApplication         : Starting DemoApplication using Java 17.0.20 with PID 47783 (/Users/julinigal/Downloads/parcial-avion-master/target/classes started by julinigal in /Users/julinigal/Downloads/parcial-avion-master)
2026-09-23 10:28:58.692  INFO 47783 --- [demo] [main] com.example.demo.DemoApplication         : No active profile set, falling back to 1 default profile: "default"
2026-09-23 10:28:58.860  INFO 47783 --- [demo] [main] .s.d.r.c.RepositoryConfigurationDelegate : Bootstrapping Spring Data JPA repositories in DEFAULT mode.
2026-09-23 10:28:58.878  INFO 47783 --- [demo] [main] .s.d.r.c.RepositoryConfigurationDelegate : Finished Spring Data repository scanning in 14 ms. Found 6 JPA repository interfaces.
2026-09-23 10:28:58.999  INFO 47783 --- [demo] [main] o.s.boot.tomcat.TomcatWebServer          : Tomcat initialized with port 8081 (http)
2026-09-23 10:28:59.002  INFO 47783 --- [demo] [main] o.apache.catalina.core.StandardService   : Starting service [Tomcat]
2026-09-23 10:28:59.003  INFO 47783 --- [demo] [main] o.apache.catalina.core.StandardEngine    : Starting Servlet engine: [Apache Tomcat/11.0.18]
2026-09-23 10:28:59.017  INFO 47783 --- [demo] [main] b.w.c.s.WebApplicationContextInitializer : Root WebApplicationContext: initialization completed in 311 ms
2026-09-23 10:28:59.066  INFO 47783 --- [demo] [main] org.hibernate.orm.jpa                    : HHH008540: Processing PersistenceUnitInfo [name: default]
2026-09-23 10:28:59.088  INFO 47783 --- [demo] [main] org.hibernate.orm.core                   : HHH000001: Hibernate ORM core version 7.2.7.Final
2026-09-23 10:28:59.226  INFO 47783 --- [demo] [main] o.s.o.j.p.SpringPersistenceUnitInfo      : No LoadTimeWeaver setup: ignoring JPA class transformer
2026-09-23 10:28:59.236  INFO 47783 --- [demo] [main] com.zaxxer.hikari.HikariDataSource       : HikariPool-1 - Starting...
2026-09-23 10:28:59.297  INFO 47783 --- [demo] [main] com.zaxxer.hikari.pool.HikariPool        : HikariPool-1 - Added connection conn0: url=jdbc:h2:mem:db-test user=POSTGRES
2026-09-23 10:28:59.298  INFO 47783 --- [demo] [main] com.zaxxer.hikari.HikariDataSource       : HikariPool-1 - Start completed.
2026-09-23 10:28:59.317  INFO 47783 --- [demo] [main] org.hibernate.orm.connections.pooling    : HHH10001005: Database info:
	Database JDBC URL [jdbc:h2:mem:db-test]
	Database driver: H2 JDBC Driver
	Database dialect: H2Dialect
	Database version: 2.4.240
	Default catalog/schema: DB-TEST/PUBLIC
	Autocommit mode: undefined/unknown
	Isolation level: READ_COMMITTED [default READ_COMMITTED]
	JDBC fetch size: 100
	Pool: DataSourceConnectionProvider
	Minimum pool size: undefined/unknown
	Maximum pool size: undefined/unknown
2026-09-23 10:28:59.599  INFO 47783 --- [demo] [main] org.hibernate.orm.core                   : HHH000489: No JTA platform available (set 'hibernate.transaction.jta.platform' to enable JTA platform integration)
2026-09-23 10:28:59.617  INFO 47783 --- [demo] [main] j.LocalContainerEntityManagerFactoryBean : Initialized JPA EntityManagerFactory for persistence unit 'default'
2026-09-23 10:28:59.639  INFO 47783 --- [demo] [main] o.s.d.j.r.query.QueryEnhancerFactories   : Hibernate is in classpath; If applicable, HQL parser will be used.
2026-09-23 10:28:59.686  WARN 47783 --- [demo] [main] JpaBaseConfiguration$JpaWebConfiguration : spring.jpa.open-in-view is enabled by default. Therefore, database queries may be performed during view rendering. Explicitly configure spring.jpa.open-in-view to disable this warning
2026-09-23 10:28:59.760  INFO 47783 --- [demo] [main] o.s.b.h.a.H2ConsoleAutoConfiguration     : H2 console available at '/h2-console'. Database available at 'jdbc:h2:mem:db-test'
2026-09-23 10:28:59.785  INFO 47783 --- [demo] [main] o.s.boot.tomcat.TomcatWebServer          : Tomcat started on port 8081 (http) with context path '/compunet2-2026'
2026-09-23 10:28:59.786  INFO 47783 --- [demo] [main] com.example.demo.DemoApplication         : Started DemoApplication in 1.229 seconds (process running for 1.341)
2026-09-23 11:21:55.177  INFO 47783 --- [demo] [SpringApplicationShutdownHook] o.s.boot.tomcat.GracefulShutdown         : Commencing graceful shutdown. Waiting for active requests to complete
2026-09-23 11:21:55.187  INFO 47783 --- [demo] [tomcat-shutdown] o.s.boot.tomcat.GracefulShutdown         : Graceful shutdown complete
2026-09-23 11:21:55.190  INFO 47783 --- [demo] [SpringApplicationShutdownHook] j.LocalContainerEntityManagerFactoryBean : Closing JPA EntityManagerFactory for persistence unit 'default'
2026-09-23 11:21:55.194  INFO 47783 --- [demo] [SpringApplicationShutdownHook] com.zaxxer.hikari.HikariDataSource       : HikariPool-1 - Shutdown initiated...
2026-09-23 11:21:55.195  INFO 47783 --- [demo] [SpringApplicationShutdownHook] com.zaxxer.hikari.HikariDataSource       : HikariPool-1 - Shutdown completed.
2026-09-23 11:22:15.572  INFO 49662 --- [demo] [main] com.example.demo.DemoApplication         : Starting DemoApplication using Java 17.0.20 with PID 49662 (/Users/julinigal/Downloads/parcial-avion-master/target/classes started by julinigal in /Users/julinigal/Downloads/parcial-avion-master)
2026-09-23 11:22:15.575  INFO 49662 --- [demo] [main] com.example.demo.DemoApplication         : No active profile set, falling back to 1 default profile: "default"
2026-09-23 11:22:15.742  INFO 49662 --- [demo] [main] .s.d.r.c.RepositoryConfigurationDelegate : Bootstrapping Spring Data JPA repositories in DEFAULT mode.
2026-09-23 11:22:15.763  INFO 49662 --- [demo] [main] .s.d.r.c.RepositoryConfigurationDelegate : Finished Spring Data repository scanning in 18 ms. Found 6 JPA repository interfaces.
2026-09-23 11:22:15.899  INFO 49662 --- [demo] [main] o.s.boot.tomcat.TomcatWebServer          : Tomcat initialized with port 8081 (http)
2026-09-23 11:22:15.903  INFO 49662 --- [demo] [main] o.apache.catalina.core.StandardService   : Starting service [Tomcat]
2026-09-23 11:22:15.903  INFO 49662 --- [demo] [main] o.apache.catalina.core.StandardEngine    : Starting Servlet engine: [Apache Tomcat/11.0.18]
2026-09-23 11:22:15.920  INFO 49662 --- [demo] [main] b.w.c.s.WebApplicationContextInitializer : Root WebApplicationContext: initialization completed in 332 ms
2026-09-23 11:22:15.971  INFO 49662 --- [demo] [main] org.hibernate.orm.jpa                    : HHH008540: Processing PersistenceUnitInfo [name: default]
2026-09-23 11:22:15.994  INFO 49662 --- [demo] [main] org.hibernate.orm.core                   : HHH000001: Hibernate ORM core version 7.2.7.Final
2026-09-23 11:22:16.129  INFO 49662 --- [demo] [main] o.s.o.j.p.SpringPersistenceUnitInfo      : No LoadTimeWeaver setup: ignoring JPA class transformer
2026-09-23 11:22:16.140  INFO 49662 --- [demo] [main] com.zaxxer.hikari.HikariDataSource       : HikariPool-1 - Starting...
2026-09-23 11:22:16.209  INFO 49662 --- [demo] [main] com.zaxxer.hikari.pool.HikariPool        : HikariPool-1 - Added connection conn0: url=jdbc:h2:mem:db-test user=POSTGRES
2026-09-23 11:22:16.210  INFO 49662 --- [demo] [main] com.zaxxer.hikari.HikariDataSource       : HikariPool-1 - Start completed.
2026-09-23 11:22:16.228  INFO 49662 --- [demo] [main] org.hibernate.orm.connections.pooling    : HHH10001005: Database info:
	Database JDBC URL [jdbc:h2:mem:db-test]
	Database driver: H2 JDBC Driver
	Database dialect: H2Dialect
	Database version: 2.4.240
	Default catalog/schema: DB-TEST/PUBLIC
	Autocommit mode: undefined/unknown
	Isolation level: READ_COMMITTED [default READ_COMMITTED]
	JDBC fetch size: 100
	Pool: DataSourceConnectionProvider
	Minimum pool size: undefined/unknown
	Maximum pool size: undefined/unknown
2026-09-23 11:22:16.509  INFO 49662 --- [demo] [main] org.hibernate.orm.core                   : HHH000489: No JTA platform available (set 'hibernate.transaction.jta.platform' to enable JTA platform integration)
2026-09-23 11:22:16.528  INFO 49662 --- [demo] [main] j.LocalContainerEntityManagerFactoryBean : Initialized JPA EntityManagerFactory for persistence unit 'default'
2026-09-23 11:22:16.550  INFO 49662 --- [demo] [main] o.s.d.j.r.query.QueryEnhancerFactories   : Hibernate is in classpath; If applicable, HQL parser will be used.
2026-09-23 11:22:16.622  WARN 49662 --- [demo] [main] JpaBaseConfiguration$JpaWebConfiguration : spring.jpa.open-in-view is enabled by default. Therefore, database queries may be performed during view rendering. Explicitly configure spring.jpa.open-in-view to disable this warning
2026-09-23 11:22:16.692  INFO 49662 --- [demo] [main] o.s.b.h.a.H2ConsoleAutoConfiguration     : H2 console available at '/h2-console'. Database available at 'jdbc:h2:mem:db-test'
2026-09-23 11:22:16.716  INFO 49662 --- [demo] [main] o.s.boot.tomcat.TomcatWebServer          : Tomcat started on port 8081 (http) with context path '/compunet2-2026'
2026-09-23 11:22:16.718  INFO 49662 --- [demo] [main] com.example.demo.DemoApplication         : Started DemoApplication in 1.267 seconds (process running for 1.376)
2026-09-23 11:22:48.313  INFO 49662 --- [demo] [SpringApplicationShutdownHook] o.s.boot.tomcat.GracefulShutdown         : Commencing graceful shutdown. Waiting for active requests to complete
2026-09-23 11:22:48.322  INFO 49662 --- [demo] [tomcat-shutdown] o.s.boot.tomcat.GracefulShutdown         : Graceful shutdown complete
2026-09-23 11:22:48.326  INFO 49662 --- [demo] [SpringApplicationShutdownHook] j.LocalContainerEntityManagerFactoryBean : Closing JPA EntityManagerFactory for persistence unit 'default'
2026-09-23 11:22:48.331  INFO 49662 --- [demo] [SpringApplicationShutdownHook] com.zaxxer.hikari.HikariDataSource       : HikariPool-1 - Shutdown initiated...
2026-09-23 11:22:48.332  INFO 49662 --- [demo] [SpringApplicationShutdownHook] com.zaxxer.hikari.HikariDataSource       : HikariPool-1 - Shutdown completed.
2026-09-23 12:20:37.261  INFO 52140 --- [demo] [main] com.example.demo.DemoApplication         : Starting DemoApplication using Java 17.0.20 with PID 52140 (/Users/julinigal/Downloads/parcial-avion-master/target/classes started by julinigal in /Users/julinigal/Downloads/parcial-avion-master)
2026-09-23 12:20:37.262  INFO 52140 --- [demo] [main] com.example.demo.DemoApplication         : No active profile set, falling back to 1 default profile: "default"
2026-09-23 12:20:37.427  INFO 52140 --- [demo] [main] .s.d.r.c.RepositoryConfigurationDelegate : Bootstrapping Spring Data JPA repositories in DEFAULT mode.
2026-09-23 12:20:37.445  INFO 52140 --- [demo] [main] .s.d.r.c.RepositoryConfigurationDelegate : Finished Spring Data repository scanning in 15 ms. Found 6 JPA repository interfaces.
2026-09-23 12:20:37.566  INFO 52140 --- [demo] [main] o.s.boot.tomcat.TomcatWebServer          : Tomcat initialized with port 8081 (http)
2026-09-23 12:20:37.570  INFO 52140 --- [demo] [main] o.apache.catalina.core.StandardService   : Starting service [Tomcat]
2026-09-23 12:20:37.570  INFO 52140 --- [demo] [main] o.apache.catalina.core.StandardEngine    : Starting Servlet engine: [Apache Tomcat/11.0.18]
2026-09-23 12:20:37.585  INFO 52140 --- [demo] [main] b.w.c.s.WebApplicationContextInitializer : Root WebApplicationContext: initialization completed in 310 ms
2026-09-23 12:20:37.637  INFO 52140 --- [demo] [main] org.hibernate.orm.jpa                    : HHH008540: Processing PersistenceUnitInfo [name: default]
2026-09-23 12:20:37.660  INFO 52140 --- [demo] [main] org.hibernate.orm.core                   : HHH000001: Hibernate ORM core version 7.2.7.Final
2026-09-23 12:20:37.796  INFO 52140 --- [demo] [main] o.s.o.j.p.SpringPersistenceUnitInfo      : No LoadTimeWeaver setup: ignoring JPA class transformer
2026-09-23 12:20:37.806  INFO 52140 --- [demo] [main] com.zaxxer.hikari.HikariDataSource       : HikariPool-1 - Starting...
2026-09-23 12:20:37.867  INFO 52140 --- [demo] [main] com.zaxxer.hikari.pool.HikariPool        : HikariPool-1 - Added connection conn0: url=jdbc:h2:mem:db-test user=POSTGRES
2026-09-23 12:20:37.868  INFO 52140 --- [demo] [main] com.zaxxer.hikari.HikariDataSource       : HikariPool-1 - Start completed.
2026-09-23 12:20:37.886  INFO 52140 --- [demo] [main] org.hibernate.orm.connections.pooling    : HHH10001005: Database info:
	Database JDBC URL [jdbc:h2:mem:db-test]
	Database driver: H2 JDBC Driver
	Database dialect: H2Dialect
	Database version: 2.4.240
	Default catalog/schema: DB-TEST/PUBLIC
	Autocommit mode: undefined/unknown
	Isolation level: READ_COMMITTED [default READ_COMMITTED]
	JDBC fetch size: 100
	Pool: DataSourceConnectionProvider
	Minimum pool size: undefined/unknown
	Maximum pool size: undefined/unknown
2026-09-23 12:20:38.167  INFO 52140 --- [demo] [main] org.hibernate.orm.core                   : HHH000489: No JTA platform available (set 'hibernate.transaction.jta.platform' to enable JTA platform integration)
2026-09-23 12:20:38.186  INFO 52140 --- [demo] [main] j.LocalContainerEntityManagerFactoryBean : Initialized JPA EntityManagerFactory for persistence unit 'default'
2026-09-23 12:20:38.209  INFO 52140 --- [demo] [main] o.s.d.j.r.query.QueryEnhancerFactories   : Hibernate is in classpath; If applicable, HQL parser will be used.
2026-09-23 12:20:38.284  WARN 52140 --- [demo] [main] JpaBaseConfiguration$JpaWebConfiguration : spring.jpa.open-in-view is enabled by default. Therefore, database queries may be performed during view rendering. Explicitly configure spring.jpa.open-in-view to disable this warning
2026-09-23 12:20:38.353  INFO 52140 --- [demo] [main] o.s.b.h.a.H2ConsoleAutoConfiguration     : H2 console available at '/h2-console'. Database available at 'jdbc:h2:mem:db-test'
2026-09-23 12:20:38.376  INFO 52140 --- [demo] [main] o.s.boot.tomcat.TomcatWebServer          : Tomcat started on port 8081 (http) with context path '/compunet2-2026'
2026-09-23 12:20:38.378  INFO 52140 --- [demo] [main] com.example.demo.DemoApplication         : Started DemoApplication in 1.24 seconds (process running for 1.355)
2026-09-23 12:21:32.476  INFO 52140 --- [demo] [http-nio-8081-exec-1] o.a.c.c.C.[.[.[/compunet2-2026]          : Initializing Spring DispatcherServlet 'dispatcherServlet'
2026-09-23 12:21:32.476  INFO 52140 --- [demo] [http-nio-8081-exec-1] o.s.web.servlet.DispatcherServlet        : Initializing Servlet 'dispatcherServlet'
2026-09-23 12:21:32.481  INFO 52140 --- [demo] [http-nio-8081-exec-1] o.s.web.servlet.DispatcherServlet        : Completed initialization in 5 ms
2026-09-23 12:21:32.526  WARN 52140 --- [demo] [http-nio-8081-exec-1] .w.s.m.s.DefaultHandlerExceptionResolver : Resolved [org.springframework.web.bind.MissingServletRequestParameterException: Required request parameter 'destinationAirportName' for method parameter type String is not present]
2026-09-23 12:23:19.494  WARN 52140 --- [demo] [http-nio-8081-exec-4] .w.s.m.s.DefaultHandlerExceptionResolver : Resolved [org.springframework.web.bind.MissingServletRequestParameterException: Required request parameter 'origenAirportName' for method parameter type String is not present]
2026-09-23 13:01:28.345  WARN 52140 --- [demo] [HikariPool-1:housekeeper] com.zaxxer.hikari.pool.HikariPool        : HikariPool-1 - Thread starvation or clock leap detected (housekeeper delta=32m50s300ms).
2026-09-23 13:35:56.256  WARN 52140 --- [demo] [HikariPool-1:housekeeper] com.zaxxer.hikari.pool.HikariPool        : HikariPool-1 - Thread starvation or clock leap detected (housekeeper delta=34m27s912ms).
2026-09-23 14:06:24.534  WARN 52140 --- [demo] [HikariPool-1:housekeeper] com.zaxxer.hikari.pool.HikariPool        : HikariPool-1 - Thread starvation or clock leap detected (housekeeper delta=30m28s278ms).
2026-09-23 14:22:57.293  WARN 52140 --- [demo] [HikariPool-1:housekeeper] com.zaxxer.hikari.pool.HikariPool        : HikariPool-1 - Thread starvation or clock leap detected (housekeeper delta=16m2s743ms).
2026-09-23 14:30:02.989  WARN 52140 --- [demo] [http-nio-8081-exec-3] .w.s.m.s.DefaultHandlerExceptionResolver : Resolved [org.springframework.web.method.annotation.MethodArgumentTypeMismatchException: Method parameter 'startDate': Failed to convert value of type 'java.lang.String' to required type 'java.sql.Timestamp'; Failed to convert from type [java.lang.String] to type [@org.springframework.web.bind.annotation.RequestParam @org.springframework.format.annotation.DateTimeFormat java.sql.Timestamp] for value [2026-03-01 00:00:00]]
2026-09-23 14:31:26.456  WARN 52140 --- [demo] [http-nio-8081-exec-4] .w.s.m.s.DefaultHandlerExceptionResolver : Resolved [org.springframework.web.method.annotation.MethodArgumentTypeMismatchException: Method parameter 'startDate': Failed to convert value of type 'java.lang.String' to required type 'java.sql.Timestamp'; Failed to convert from type [java.lang.String] to type [@org.springframework.web.bind.annotation.RequestParam @org.springframework.format.annotation.DateTimeFormat java.sql.Timestamp] for value [2026-03-01 00:00:00]]
2026-09-23 14:36:57.851  WARN 52140 --- [demo] [http-nio-8081-exec-5] .w.s.m.s.DefaultHandlerExceptionResolver : Resolved [org.springframework.web.method.annotation.MethodArgumentTypeMismatchException: Method parameter 'startDate': Failed to convert value of type 'java.lang.String' to required type 'java.sql.Timestamp'; Failed to convert from type [java.lang.String] to type [@org.springframework.web.bind.annotation.RequestParam @org.springframework.format.annotation.DateTimeFormat java.sql.Timestamp] for value [2026-03-01 00:00:00]]
2026-09-23 14:37:18.317  WARN 52140 --- [demo] [http-nio-8081-exec-6] .w.s.m.s.DefaultHandlerExceptionResolver : Resolved [org.springframework.web.method.annotation.MethodArgumentTypeMismatchException: Method parameter 'startDate': Failed to convert value of type 'java.lang.String' to required type 'java.sql.Timestamp'; Failed to convert from type [java.lang.String] to type [@org.springframework.web.bind.annotation.RequestParam @org.springframework.format.annotation.DateTimeFormat java.sql.Timestamp] for value [2026-03-01 00:00:00]]
2026-09-23 14:46:00.999  WARN 52140 --- [demo] [http-nio-8081-exec-1] .w.s.m.s.DefaultHandlerExceptionResolver : Resolved [org.springframework.web.method.annotation.MethodArgumentTypeMismatchException: Method parameter 'startDate': Failed to convert value of type 'java.lang.String' to required type 'java.sql.Timestamp'; Failed to convert from type [java.lang.String] to type [@org.springframework.web.bind.annotation.RequestParam @org.springframework.format.annotation.DateTimeFormat java.sql.Timestamp] for value [2026-03-01 00:00:00]]
2026-09-23 14:47:29.357  WARN 52140 --- [demo] [http-nio-8081-exec-2] .w.s.m.s.DefaultHandlerExceptionResolver : Resolved [org.springframework.web.method.annotation.MethodArgumentTypeMismatchException: Method parameter 'startDate': Failed to convert value of type 'java.lang.String' to required type 'java.sql.Timestamp'; Failed to convert from type [java.lang.String] to type [@org.springframework.web.bind.annotation.RequestParam @org.springframework.format.annotation.DateTimeFormat java.sql.Timestamp] for value [2026-03-01 00:00:00]]
2026-09-23 14:53:24.839  WARN 52140 --- [demo] [http-nio-8081-exec-3] .w.s.m.s.DefaultHandlerExceptionResolver : Resolved [org.springframework.web.method.annotation.MethodArgumentTypeMismatchException: Method parameter 'startDate': Failed to convert value of type 'java.lang.String' to required type 'java.sql.Timestamp'; Failed to convert from type [java.lang.String] to type [@org.springframework.web.bind.annotation.RequestParam @org.springframework.format.annotation.DateTimeFormat java.sql.Timestamp] for value [2026-03-01 00:00:00]]
2026-09-23 14:59:04.013  INFO 52140 --- [demo] [SpringApplicationShutdownHook] o.s.boot.tomcat.GracefulShutdown         : Commencing graceful shutdown. Waiting for active requests to complete
2026-09-23 14:59:04.028  INFO 52140 --- [demo] [tomcat-shutdown] o.s.boot.tomcat.GracefulShutdown         : Graceful shutdown complete
2026-09-23 14:59:04.033  INFO 52140 --- [demo] [SpringApplicationShutdownHook] j.LocalContainerEntityManagerFactoryBean : Closing JPA EntityManagerFactory for persistence unit 'default'
2026-09-23 14:59:04.040  INFO 52140 --- [demo] [SpringApplicationShutdownHook] com.zaxxer.hikari.HikariDataSource       : HikariPool-1 - Shutdown initiated...
2026-09-23 14:59:04.041  INFO 52140 --- [demo] [SpringApplicationShutdownHook] com.zaxxer.hikari.HikariDataSource       : HikariPool-1 - Shutdown completed.
2026-09-23 14:59:11.304  INFO 53835 --- [demo] [main] com.example.demo.DemoApplication         : Starting DemoApplication using Java 17.0.20 with PID 53835 (/Users/julinigal/Downloads/parcial-avion-master/target/classes started by julinigal in /Users/julinigal/Downloads/parcial-avion-master)
2026-09-23 14:59:11.306  INFO 53835 --- [demo] [main] com.example.demo.DemoApplication         : No active profile set, falling back to 1 default profile: "default"
2026-09-23 14:59:11.500  INFO 53835 --- [demo] [main] .s.d.r.c.RepositoryConfigurationDelegate : Bootstrapping Spring Data JPA repositories in DEFAULT mode.
2026-09-23 14:59:11.518  INFO 53835 --- [demo] [main] .s.d.r.c.RepositoryConfigurationDelegate : Finished Spring Data repository scanning in 15 ms. Found 6 JPA repository interfaces.
2026-09-23 14:59:11.649  INFO 53835 --- [demo] [main] o.s.boot.tomcat.TomcatWebServer          : Tomcat initialized with port 8081 (http)
2026-09-23 14:59:11.655  INFO 53835 --- [demo] [main] o.apache.catalina.core.StandardService   : Starting service [Tomcat]
2026-09-23 14:59:11.655  INFO 53835 --- [demo] [main] o.apache.catalina.core.StandardEngine    : Starting Servlet engine: [Apache Tomcat/11.0.18]
2026-09-23 14:59:11.674  INFO 53835 --- [demo] [main] b.w.c.s.WebApplicationContextInitializer : Root WebApplicationContext: initialization completed in 355 ms
2026-09-23 14:59:11.733  INFO 53835 --- [demo] [main] org.hibernate.orm.jpa                    : HHH008540: Processing PersistenceUnitInfo [name: default]
2026-09-23 14:59:11.764  INFO 53835 --- [demo] [main] org.hibernate.orm.core                   : HHH000001: Hibernate ORM core version 7.2.7.Final
2026-09-23 14:59:11.903  INFO 53835 --- [demo] [main] o.s.o.j.p.SpringPersistenceUnitInfo      : No LoadTimeWeaver setup: ignoring JPA class transformer
2026-09-23 14:59:11.913  INFO 53835 --- [demo] [main] com.zaxxer.hikari.HikariDataSource       : HikariPool-1 - Starting...
2026-09-23 14:59:11.979  INFO 53835 --- [demo] [main] com.zaxxer.hikari.pool.HikariPool        : HikariPool-1 - Added connection conn0: url=jdbc:h2:mem:db-test user=POSTGRES
2026-09-23 14:59:11.980  INFO 53835 --- [demo] [main] com.zaxxer.hikari.HikariDataSource       : HikariPool-1 - Start completed.
2026-09-23 14:59:12.002  INFO 53835 --- [demo] [main] org.hibernate.orm.connections.pooling    : HHH10001005: Database info:
	Database JDBC URL [jdbc:h2:mem:db-test]
	Database driver: H2 JDBC Driver
	Database dialect: H2Dialect
	Database version: 2.4.240
	Default catalog/schema: DB-TEST/PUBLIC
	Autocommit mode: undefined/unknown
	Isolation level: READ_COMMITTED [default READ_COMMITTED]
	JDBC fetch size: 100
	Pool: DataSourceConnectionProvider
	Minimum pool size: undefined/unknown
	Maximum pool size: undefined/unknown
2026-09-23 14:59:12.293  INFO 53835 --- [demo] [main] org.hibernate.orm.core                   : HHH000489: No JTA platform available (set 'hibernate.transaction.jta.platform' to enable JTA platform integration)
2026-09-23 14:59:12.314  INFO 53835 --- [demo] [main] j.LocalContainerEntityManagerFactoryBean : Initialized JPA EntityManagerFactory for persistence unit 'default'
2026-09-23 14:59:12.339  INFO 53835 --- [demo] [main] o.s.d.j.r.query.QueryEnhancerFactories   : Hibernate is in classpath; If applicable, HQL parser will be used.
2026-09-23 14:59:12.414  WARN 53835 --- [demo] [main] JpaBaseConfiguration$JpaWebConfiguration : spring.jpa.open-in-view is enabled by default. Therefore, database queries may be performed during view rendering. Explicitly configure spring.jpa.open-in-view to disable this warning
2026-09-23 14:59:12.481  INFO 53835 --- [demo] [main] o.s.b.h.a.H2ConsoleAutoConfiguration     : H2 console available at '/h2-console'. Database available at 'jdbc:h2:mem:db-test'
2026-09-23 14:59:12.506  INFO 53835 --- [demo] [main] o.s.boot.tomcat.TomcatWebServer          : Tomcat started on port 8081 (http) with context path '/compunet2-2026'
2026-09-23 14:59:12.508  INFO 53835 --- [demo] [main] com.example.demo.DemoApplication         : Started DemoApplication in 1.329 seconds (process running for 1.442)
2026-09-23 14:59:17.203  INFO 53835 --- [demo] [http-nio-8081-exec-1] o.a.c.c.C.[.[.[/compunet2-2026]          : Initializing Spring DispatcherServlet 'dispatcherServlet'
2026-09-23 14:59:17.204  INFO 53835 --- [demo] [http-nio-8081-exec-1] o.s.web.servlet.DispatcherServlet        : Initializing Servlet 'dispatcherServlet'
2026-09-23 14:59:17.204  INFO 53835 --- [demo] [http-nio-8081-exec-1] o.s.web.servlet.DispatcherServlet        : Completed initialization in 0 ms
